ASxxxx Linker V03.00 + NoICE + sdld,  page 1.
Hexadecimal  [32-Bits]

Area                                    Addr        Size        Decimal Bytes (Attributes)
--------------------------------        ----        ----        ------- ----- ------------
CABS                                00000000    00000000 =           0. bytes (ABS,CON,CODE)

      Value  Global                              Global Defined In Module
      -----  --------------------------------   ------------------------
C:   00000000  l_BIT_BANK                      
C:   00000000  l_BSEG                          
C:   00000000  l_BSEG_BYTES                    
C:   00000000  l_CABS                          
C:   00000000  l_CONST                         
C:   00000000  l_GSINIT                        
C:   00000000  l_GSINIT1                       
C:   00000000  l_GSINIT5                       
C:   00000000  l_IABS                          
C:   00000000  l_ISEG                          
C:   00000000  l_OSEG                          
C:   00000000  l_PSEG                          
C:   00000000  l_REG_BANK_1                    
C:   00000000  l_REG_BANK_2                    
C:   00000000  l_REG_BANK_3                    
C:   00000000  l_RSEG                          
C:   00000000  l_RSEG0                         
C:   00000000  l_RSEG1                         
C:   00000000  l_XABS                          
C:   00000000  l_XINIT                         
C:   00000000  l_XISEG                         
C:   00000000  l_XSEG                          
C:   00000000  l__CODE                         
C:   00000000  s_BSEG                          
C:   00000000  s_CABS                          
C:   00000000  s_DSEG                          
C:   00000000  s_HOME                          
C:   00000000  s_IABS                          
C:   00000000  s_ISEG                          
C:   00000000  s_REG_BANK_0                    
C:   00000000  s_RSEG                          
C:   00000000  s_RSEG0                         
C:   00000000  s_RSEG1                         
C:   00000000  s_XABS                          
C:   00000001  s_PSEG                          
C:   00000001  s_XISEG                         
C:   00000001  s_XSEG                          
C:   00000003  l_GSFINAL                       
C:   00000003  l_GSINIT0                       
C:   00000008  l_REG_BANK_0                    
C:   00000008  s_REG_BANK_1                    
C:   00000008  s_SSEG                          
C:   0000000A  l_GSINIT2                       
C:   00000010  s_REG_BANK_2                    
C:   00000018  s_BIT_BANK                      
C:   00000018  s_OSEG                          
C:   00000018  s_REG_BANK_3                    
C:   00000020  s_BSEG_BYTES                    
C:   00000020  s__CODE                         
C:   00000022  l_GSINIT3                       
ASxxxx Linker V03.00 + NoICE + sdld,  page 2.
Hexadecimal  [32-Bits]

Area                                    Addr        Size        Decimal Bytes (Attributes)
--------------------------------        ----        ----        ------- ----- ------------
CABS                                00000000    00000000 =           0. bytes (ABS,CON,CODE)

      Value  Global                              Global Defined In Module
      -----  --------------------------------   ------------------------
C:   00000023  l_CSEG                          
C:   0000002A  l_GSINIT4                       
C:   00000069  l_HOME                          
C:   00000069  s_GSINIT0                       
C:   0000006C  s_GSINIT1                       
C:   0000006C  s_GSINIT2                       
C:   00000076  s_GSINIT3                       
C:   00000080  l_DSEG                          
C:   00000098  s_GSINIT4                       
C:   000000C2  s_GSFINAL                       
C:   000000C2  s_GSINIT                        
C:   000000C2  s_GSINIT5                       
C:   000000C5  s_CSEG                          
C:   000000E8  s_CONST                         
C:   000000E8  s_XINIT                         
C:   000000F8  l_SSEG                          
C:   00000100  l_IRAM                          

ASxxxx Linker V03.00 + NoICE + sdld,  page 3.
Hexadecimal  [32-Bits]

Area                                    Addr        Size        Decimal Bytes (Attributes)
--------------------------------        ----        ----        ------- ----- ------------
.  .ABS.                            00000000    00000000 =           0. bytes (ABS,CON)

      Value  Global                              Global Defined In Module
      -----  --------------------------------   ------------------------
     00000000  .__.ABS.                           _startup
     00000080  G$IOA$0_0$0                        main
     00000080  G$PA0$0_0$0                        main
     00000080  _IOA                               main
     00000080  _PA0                               main
     00000081  G$PA1$0_0$0                        main
     00000081  _PA1                               main
     00000088  G$IT0$0_0$0                        main
     00000088  G$TCON$0_0$0                       main
     00000088  _IT0                               main
     00000088  _TCON                              main
     00000089  G$IE0$0_0$0                        main
     00000089  G$TMOD$0_0$0                       main
     00000089  _IE0                               main
     00000089  _TMOD                              main
     0000008A  G$IT1$0_0$0                        main
     0000008A  G$TL0$0_0$0                        main
     0000008A  _IT1                               main
     0000008A  _TL0                               main
     0000008B  G$IE1$0_0$0                        main
     0000008B  G$TL1$0_0$0                        main
     0000008B  _IE1                               main
     0000008B  _TL1                               main
     0000008C  G$TH0$0_0$0                        main
     0000008C  G$TR0$0_0$0                        main
     0000008C  _TH0                               main
     0000008C  _TR0                               main
     0000008D  G$TF0$0_0$0                        main
     0000008D  G$TH1$0_0$0                        main
     0000008D  _TF0                               main
     0000008D  _TH1                               main
     0000008E  G$CKCON$0_0$0                      main
     0000008E  G$TR1$0_0$0                        main
     0000008E  _CKCON                             main
     0000008E  _TR1                               main
     0000008F  G$TF1$0_0$0                        main
     0000008F  _TF1                               main
     00000092  G$MPAGE$0_0$0                      main
     00000092  G$_XPAGE$0_0$0                     main
     00000092  _MPAGE                             main
     00000092  __XPAGE                            main
     000000A8  G$EX0$0_0$0                        main
     000000A8  G$IE$0_0$0                         main
     000000A8  _EX0                               main
     000000A8  _IE                                main
     000000A9  G$ET0$0_0$0                        main
     000000A9  _ET0                               main
     000000AA  G$EX1$0_0$0                        main
     000000AA  _EX1                               main
     000000AB  G$ET1$0_0$0                        main
ASxxxx Linker V03.00 + NoICE + sdld,  page 4.
Hexadecimal  [32-Bits]

Area                                    Addr        Size        Decimal Bytes (Attributes)
--------------------------------        ----        ----        ------- ----- ------------
.  .ABS.                            00000000    00000000 =           0. bytes (ABS,CON)

      Value  Global                              Global Defined In Module
      -----  --------------------------------   ------------------------
     000000AB  _ET1                               main
     000000AC  G$ES0$0_0$0                        main
     000000AC  _ES0                               main
     000000AD  G$ET2$0_0$0                        main
     000000AD  _ET2                               main
     000000AE  G$ES1$0_0$0                        main
     000000AE  _ES1                               main
     000000AF  G$EA$0_0$0                         main
     000000AF  _EA                                main
     000000B2  G$OEA$0_0$0                        main
     000000B2  _OEA                               main
     000000D0  G$PSW$0_0$0                        main
     000000D0  _PSW                               main
     000000E0  G$ACC$0_0$0                        main
     000000E0  _ACC                               main
     0000E000  G$xdata_start$0_0$0                main
     0000E000  _xdata_start                       main
     0000E600  G$CPUCS$0_0$0                      main
     0000E600  _CPUCS                             main
ASxxxx Linker V03.00 + NoICE + sdld,  page 5.
Hexadecimal  [32-Bits]

Area                                    Addr        Size        Decimal Bytes (Attributes)
--------------------------------        ----        ----        ------- ----- ------------
REG_BANK_0                          00000000    00000008 =           8. bytes (REL,OVR)

      Value  Global                              Global Defined In Module
      -----  --------------------------------   ------------------------
ASxxxx Linker V03.00 + NoICE + sdld,  page 6.
Hexadecimal  [32-Bits]

Area                                    Addr        Size        Decimal Bytes (Attributes)
--------------------------------        ----        ----        ------- ----- ------------
DSEG                                00000000    00000080 =         128. bytes (REL,CON)

      Value  Global                              Global Defined In Module
      -----  --------------------------------   ------------------------
ASxxxx Linker V03.00 + NoICE + sdld,  page 7.
Hexadecimal  [32-Bits]

Area                                    Addr        Size        Decimal Bytes (Attributes)
--------------------------------        ----        ----        ------- ----- ------------
SSEG                                00000008    000000F8 =         248. bytes (REL,OVR)

      Value  Global                              Global Defined In Module
      -----  --------------------------------   ------------------------
     00000008  __start__stack                     main

ASxxxx Linker V03.00 + NoICE + sdld,  page 8.
Hexadecimal  [32-Bits]

Area                                    Addr        Size        Decimal Bytes (Attributes)
--------------------------------        ----        ----        ------- ----- ------------
HOME                                00000000    00000069 =         105. bytes (REL,CON,CODE)

      Value  Global                              Global Defined In Module
      -----  --------------------------------   ------------------------
C:   00000000  A$main$200                         main
C:   00000003  A$main$201                         main
C:   0000000B  A$main$203                         main
C:   00000013  A$main$205                         main
C:   0000001B  A$main$207                         main
C:   00000023  A$main$209                         main
C:   0000002B  A$main$211                         main
C:   00000033  A$main$213                         main
C:   0000003B  A$main$215                         main
C:   00000043  A$main$217                         main
C:   0000004B  A$main$219                         main
C:   00000053  A$main$221                         main
C:   0000005B  A$main$223                         main
C:   00000063  A$main$225                         main
C:   00000066  A$main$247                         main
C:   00000066  __sdcc_program_startup             main

ASxxxx Linker V03.00 + NoICE + sdld,  page 9.
Hexadecimal  [32-Bits]

Area                                    Addr        Size        Decimal Bytes (Attributes)
--------------------------------        ----        ----        ------- ----- ------------
GSINIT0                             00000069    00000003 =           3. bytes (REL,CON,CODE)

      Value  Global                              Global Defined In Module
      -----  --------------------------------   ------------------------
C:   00000069  __sdcc_gsinit_startup              

ASxxxx Linker V03.00 + NoICE + sdld,  page 10.
Hexadecimal  [32-Bits]

Area                                    Addr        Size        Decimal Bytes (Attributes)
--------------------------------        ----        ----        ------- ----- ------------
GSINIT2                             0000006C    0000000A =          10. bytes (REL,CON,CODE)

      Value  Global                              Global Defined In Module
      -----  --------------------------------   ------------------------
ASxxxx Linker V03.00 + NoICE + sdld,  page 11.
Hexadecimal  [32-Bits]

Area                                    Addr        Size        Decimal Bytes (Attributes)
--------------------------------        ----        ----        ------- ----- ------------
GSINIT3                             00000076    00000022 =          34. bytes (REL,CON,CODE)

      Value  Global                              Global Defined In Module
      -----  --------------------------------   ------------------------
C:   00000076  __mcs51_genXINIT                   

ASxxxx Linker V03.00 + NoICE + sdld,  page 12.
Hexadecimal  [32-Bits]

Area                                    Addr        Size        Decimal Bytes (Attributes)
--------------------------------        ----        ----        ------- ----- ------------
GSINIT4                             00000098    0000002A =          42. bytes (REL,CON,CODE)

      Value  Global                              Global Defined In Module
      -----  --------------------------------   ------------------------
C:   00000098  __mcs51_genRAMCLEAR                
C:   0000009E  __mcs51_genXRAMCLEAR               

ASxxxx Linker V03.00 + NoICE + sdld,  page 13.
Hexadecimal  [32-Bits]

Area                                    Addr        Size        Decimal Bytes (Attributes)
--------------------------------        ----        ----        ------- ----- ------------
GSFINAL                             000000C2    00000003 =           3. bytes (REL,CON,CODE)

      Value  Global                              Global Defined In Module
      -----  --------------------------------   ------------------------
C:   000000C2  A$main$240                         main

ASxxxx Linker V03.00 + NoICE + sdld,  page 14.
Hexadecimal  [32-Bits]

Area                                    Addr        Size        Decimal Bytes (Attributes)
--------------------------------        ----        ----        ------- ----- ------------
CSEG                                000000C5    00000023 =          35. bytes (REL,CON,CODE)

      Value  Global                              Global Defined In Module
      -----  --------------------------------   ------------------------
C:   000000C5  A$main$273                         main
C:   000000C5  C$main.c$22$0_0$15                 main
C:   000000C5  C$main.c$24$1_0$15                 main
C:   000000C5  G$main$0$0                         main
C:   000000C5  _main                              main
C:   000000C8  A$main$277                         main
C:   000000C8  C$main.c$25$1_0$15                 main
C:   000000CA  A$main$281                         main
C:   000000CA  C$main.c$27$1_0$15                 main
C:   000000CC  A$main$285                         main
C:   000000CC  C$main.c$28$1_0$15                 main
C:   000000CE  A$main$289                         main
C:   000000CE  C$main.c$32$1_0$15                 main
C:   000000D0  A$main$293                         main
C:   000000D0  C$main.c$34$1_0$15                 main
C:   000000D2  A$main$298                         main
C:   000000D2  C$main.c$37$1_0$15                 main
C:   000000D2  XG$main$0$0                        main
C:   000000D3  A$main$312                         main
C:   000000D3  C$main.c$40$1_0$17                 main
C:   000000D3  C$main.c$41$1_0$17                 main
C:   000000D3  G$int0$0$0                         main
C:   000000D3  _int0                              main
C:   000000D5  A$main$316                         main
C:   000000D5  C$main.c$42$1_0$17                 main
C:   000000D7  A$main$321                         main
C:   000000D7  C$main.c$43$1_0$17                 main
C:   000000D7  XG$int0$0$0                        main
C:   000000D8  A$main$340                         main
C:   000000D8  C$main.c$44$1_0$20                 main
C:   000000D8  G$tim0$0$0                         main
C:   000000D8  XG$tim0$0$0                        main
C:   000000D8  _tim0                              main
C:   000000D9  A$main$359                         main
C:   000000D9  C$main.c$45$1_0$23                 main
C:   000000D9  G$int1$0$0                         main
C:   000000D9  XG$int1$0$0                        main
C:   000000D9  _int1                              main
C:   000000DA  A$main$378                         main
C:   000000DA  C$main.c$46$1_0$26                 main
C:   000000DA  G$tim1$0$0                         main
C:   000000DA  XG$tim1$0$0                        main
C:   000000DA  _tim1                              main
C:   000000DB  A$main$397                         main
C:   000000DB  C$main.c$47$1_0$29                 main
C:   000000DB  G$usart0$0$0                       main
C:   000000DB  XG$usart0$0$0                      main
C:   000000DB  _usart0                            main
C:   000000DC  A$main$416                         main
C:   000000DC  C$main.c$48$1_0$32                 main
ASxxxx Linker V03.00 + NoICE + sdld,  page 15.
Hexadecimal  [32-Bits]

Area                                    Addr        Size        Decimal Bytes (Attributes)
--------------------------------        ----        ----        ------- ----- ------------
CSEG                                000000C5    00000023 =          35. bytes (REL,CON,CODE)

      Value  Global                              Global Defined In Module
      -----  --------------------------------   ------------------------
C:   000000DC  G$tim2$0$0                         main
C:   000000DC  XG$tim2$0$0                        main
C:   000000DC  _tim2                              main
C:   000000DD  A$main$435                         main
C:   000000DD  C$main.c$49$1_0$35                 main
C:   000000DD  G$res$0$0                          main
C:   000000DD  XG$res$0$0                         main
C:   000000DD  _res                               main
C:   000000DE  A$main$454                         main
C:   000000DE  C$main.c$50$1_0$38                 main
C:   000000DE  G$usart1$0$0                       main
C:   000000DE  XG$usart1$0$0                      main
C:   000000DE  _usart1                            main
C:   000000DF  A$main$473                         main
C:   000000DF  C$main.c$51$1_0$41                 main
C:   000000DF  G$usb$0$0                          main
C:   000000DF  XG$usb$0$0                         main
C:   000000DF  _usb                               main
C:   000000E0  A$main$492                         main
C:   000000E0  C$main.c$52$1_0$44                 main
C:   000000E0  G$i2c$0$0                          main
C:   000000E0  XG$i2c$0$0                         main
C:   000000E0  _i2c                               main
C:   000000E1  A$main$511                         main
C:   000000E1  C$main.c$53$1_0$47                 main
C:   000000E1  G$int4$0$0                         main
C:   000000E1  XG$int4$0$0                        main
C:   000000E1  _int4                              main
C:   000000E2  A$main$530                         main
C:   000000E2  C$main.c$54$1_0$50                 main
C:   000000E2  G$int5$0$0                         main
C:   000000E2  XG$int5$0$0                        main
C:   000000E2  _int5                              main
C:   000000E3  A$main$549                         main
C:   000000E3  C$main.c$55$1_0$53                 main
C:   000000E3  G$int6$0$0                         main
C:   000000E3  XG$int6$0$0                        main
C:   000000E3  _int6                              main
C:   000000E4  __sdcc_external_startup            _startup

ASxxxx Linker V03.00 + NoICE + sdld,  page 16.

Files Linked                              [ module(s) ]

obj\Debug\main.rel                        [  ]


Libraries Linked                          [ object file ]

D:\CodeBlocks2\sdcc\bin\..\lib\small/mcs51.lib
                                          [ crtclear.rel ]
D:\CodeBlocks2\sdcc\bin\..\lib\small/mcs51.lib
                                          [ crtxinit.rel ]
D:\CodeBlocks2\sdcc\bin\..\lib\small/mcs51.lib
                                          [ crtxclear.rel ]
D:\CodeBlocks2\sdcc\bin\..\lib\small/mcs51.lib
                                          [ crtstart.rel ]
D:\CodeBlocks2\sdcc\bin\..\lib\small/libsdcc.lib
                                          [ _startup.rel ]

ASxxxx Linker V03.00 + NoICE + sdld,  page 17.

User Base Address Definitions

HOME = 0x0000
XSEG = 0x0001
PSEG = 0x0001
ISEG = 0x0000
BSEG = 0x0000

